// Jest Snapshot v1, https://goo.gl/fbAQLP

exports[`renders App.js correctly 1`] = `
<div>
  <div>
    <header>
      <img
        alt="Horn"
        className="logo"
        src="logo.png"
      />
      <h1>
        Various Horned Animals
      </h1>
    </header>
  </div>
  <div>
    <main>
      <section
        className="options"
      >
        <select
          className="animal-keyword-filter"
          onChange={[Function]}
        >
          <option
            defaultValue={true}
            value=""
          >
            Keyword
          </option>
          <option>
            narwhal
          </option>
          <option>
            rhino
          </option>
          <option>
            unicorn
          </option>
          <option>
            unilego
          </option>
          <option>
            narwhal
          </option>
          <option>
            narwhal
          </option>
          <option>
            rhino
          </option>
          <option>
            triceratops
          </option>
          <option>
            narwhal
          </option>
          <option>
            rhino
          </option>
          <option>
            unicorn
          </option>
          <option>
            markhor
          </option>
          <option>
            markhor
          </option>
          <option>
            mouflon
          </option>
          <option>
            addax
          </option>
          <option>
            mouflon
          </option>
          <option>
            chameleon
          </option>
          <option>
            chameleon
          </option>
          <option>
            lizard
          </option>
          <option>
            dragon
          </option>
          ;
        </select>
        <select
          className="animal-title-filter"
          onChange={[Function]}
        >
          <option
            defaultValue={true}
            value=""
          >
            Title
          </option>
          <option>
            UniWhal
          </option>
          <option>
            Rhino Family
          </option>
          <option>
            Unicorn Head
          </option>
          <option>
            UniLego
          </option>
          <option>
            Basically a unicorn
          </option>
          <option>
            True Narwal
          </option>
          <option>
            Baby Rhino
          </option>
          <option>
            Cera
          </option>
          <option>
            Narwhal costume
          </option>
          <option>
            Rhino costume
          </option>
          <option>
            Believe
          </option>
          <option>
            Markhor
          </option>
          <option>
            Baby markhor
          </option>
          <option>
            Mouflon
          </option>
          <option>
            Addax
          </option>
          <option>
            Baby mouflon
          </option>
          <option>
            Happy Jackson's Chameleon
          </option>
          <option>
            Serious Jackson's Chameleon
          </option>
          <option>
            Horned Lizard
          </option>
          <option>
            Smaug
          </option>
          ;
        </select>
        <select
          className="animal-horn-filter"
          onChange={[Function]}
        >
          <option
            defaultValue={true}
            value=""
          >
            # of Horns
          </option>
          <option
            value="1"
          >
            1
          </option>
          <option
            value="2"
          >
            2
          </option>
          <option
            value="3"
          >
            3 
          </option>
          <option
            value="100"
          >
            100
          </option>
        </select>
        <select
          className="animal-description-filter"
          onChange={[Function]}
        >
          <option
            defaultValue={true}
            value=""
          >
            Description
          </option>
          <option>
            A unicorn and a narwhal nuzzling their horns
          </option>
          <option>
            Mother (or father) rhino with two babies
          </option>
          <option>
            Someone wearing a creepy unicorn head mask
          </option>
          <option>
            Lego figurine dressed in a unicorn outfit
          </option>
          <option>
            A narwhal is basically a unicorn after all, right?
          </option>
          <option>
            The truth behind narwhals
          </option>
          <option>
            This is actually a figurine but it looks kinda real
          </option>
          <option>
            Three horns but still, horns. And who doesn't like The Land Before Time?
          </option>
          <option>
            A woman wearing a blue narwhal costume
          </option>
          <option>
            Mascots have to get their costumes somewhere
          </option>
          <option>
            I believe in unicorns, do you?
          </option>
          <option>
            These wild goats eat snakes, then secrete a foam that locals fight over for the antivenom properties -- how cool is that?
          </option>
          <option>
            Even the babies are adorable
          </option>
          <option>
            Those horns though
          </option>
          <option>
            This guy is basically extinct but survives well in captivity, so they're frequently found in zoos
          </option>
          <option>
            The cuteness that is a baby mouflon asleep
          </option>
          <option>
            These are really common in Hawaii
          </option>
          <option>
            This one is very serious.
          </option>
          <option>
            Fave food: ants
          </option>
          <option>
            Fan illustration of Smaug from 'The Hobbit'
          </option>
          ;
        </select>
      </section>
      <section
        className="list-section"
      >
        <ul
          className="animals"
        >
          <li>
            <div
              className="info-container"
            >
              <h2>
                narwhal
              </h2>
              <p
                className="animal-title"
              >
                UniWhal
              </p>
            </div>
            <div
              className="image-container"
            >
              <img
                alt="http://3.bp.blogspot.com/_DBYF1AdFaHw/TE-f0cDQ24I/AAAAAAAACZg/l-FdTZ6M7z8/s1600/Unicorn_and_Narwhal_by_dinglehopper.jpg"
                src="http://3.bp.blogspot.com/_DBYF1AdFaHw/TE-f0cDQ24I/AAAAAAAACZg/l-FdTZ6M7z8/s1600/Unicorn_and_Narwhal_by_dinglehopper.jpg"
              />
            </div>
            <p
              className="horns-class"
            >
              Horns: 
              1
            </p>
          </li>
          <li>
            <div
              className="info-container"
            >
              <h2>
                rhino
              </h2>
              <p
                className="animal-title"
              >
                Rhino Family
              </p>
            </div>
            <div
              className="image-container"
            >
              <img
                alt="https://images.unsplash.com/photo-1512636618879-bbe79107e9e3?ixlib=rb-0.3.5&ixid=eyJhcHBfaWQiOjEyMDd9&s=bd9460ee6d1ddbb6b1ca7be86dfc4590&auto=format&fit=crop&w=1825&q=80"
                src="https://images.unsplash.com/photo-1512636618879-bbe79107e9e3?ixlib=rb-0.3.5&ixid=eyJhcHBfaWQiOjEyMDd9&s=bd9460ee6d1ddbb6b1ca7be86dfc4590&auto=format&fit=crop&w=1825&q=80"
              />
            </div>
            <p
              className="horns-class"
            >
              Horns: 
              2
            </p>
          </li>
          <li>
            <div
              className="info-container"
            >
              <h2>
                unicorn
              </h2>
              <p
                className="animal-title"
              >
                Unicorn Head
              </p>
            </div>
            <div
              className="image-container"
            >
              <img
                alt="https://www.dhresource.com/0x0s/f2-albu-g5-M00-1A-11-rBVaI1hsIIiALxKzAAIHjSU3VkE490.jpg/wholesale-halloween-costume-prop-unicorn.jpg"
                src="https://www.dhresource.com/0x0s/f2-albu-g5-M00-1A-11-rBVaI1hsIIiALxKzAAIHjSU3VkE490.jpg/wholesale-halloween-costume-prop-unicorn.jpg"
              />
            </div>
            <p
              className="horns-class"
            >
              Horns: 
              1
            </p>
          </li>
          <li>
            <div
              className="info-container"
            >
              <h2>
                unilego
              </h2>
              <p
                className="animal-title"
              >
                UniLego
              </p>
            </div>
            <div
              className="image-container"
            >
              <img
                alt="https://images.unsplash.com/photo-1518946222227-364f22132616?ixlib=rb-0.3.5&ixid=eyJhcHBfaWQiOjEyMDd9&s=4836a6fca62e7dce9324346bacfde085&auto=format&fit=crop&w=2534&q=80"
                src="https://images.unsplash.com/photo-1518946222227-364f22132616?ixlib=rb-0.3.5&ixid=eyJhcHBfaWQiOjEyMDd9&s=4836a6fca62e7dce9324346bacfde085&auto=format&fit=crop&w=2534&q=80"
              />
            </div>
            <p
              className="horns-class"
            >
              Horns: 
              1
            </p>
          </li>
          <li>
            <div
              className="info-container"
            >
              <h2>
                narwhal
              </h2>
              <p
                className="animal-title"
              >
                Basically a unicorn
              </p>
            </div>
            <div
              className="image-container"
            >
              <img
                alt="https://i.pinimg.com/736x/b4/61/06/b46106830b841017ea59870b27ec18dc--narwhals-a-unicorn.jpg"
                src="https://i.pinimg.com/736x/b4/61/06/b46106830b841017ea59870b27ec18dc--narwhals-a-unicorn.jpg"
              />
            </div>
            <p
              className="horns-class"
            >
              Horns: 
              1
            </p>
          </li>
          <li>
            <div
              className="info-container"
            >
              <h2>
                narwhal
              </h2>
              <p
                className="animal-title"
              >
                True Narwal
              </p>
            </div>
            <div
              className="image-container"
            >
              <img
                alt="https://i.pinimg.com/originals/16/cf/2a/16cf2a0b3fd51b9bee08bb6296193b75.jpg"
                src="https://i.pinimg.com/originals/16/cf/2a/16cf2a0b3fd51b9bee08bb6296193b75.jpg"
              />
            </div>
            <p
              className="horns-class"
            >
              Horns: 
              1
            </p>
          </li>
          <li>
            <div
              className="info-container"
            >
              <h2>
                rhino
              </h2>
              <p
                className="animal-title"
              >
                Baby Rhino
              </p>
            </div>
            <div
              className="image-container"
            >
              <img
                alt="https://secure.img1-ag.wfcdn.com/im/17007094/resize-h800%5Ecompr-r85/3589/35892451/Baby+Rhino+Figurine.jpg"
                src="https://secure.img1-ag.wfcdn.com/im/17007094/resize-h800%5Ecompr-r85/3589/35892451/Baby+Rhino+Figurine.jpg"
              />
            </div>
            <p
              className="horns-class"
            >
              Horns: 
              2
            </p>
          </li>
          <li>
            <div
              className="info-container"
            >
              <h2>
                triceratops
              </h2>
              <p
                className="animal-title"
              >
                Cera
              </p>
            </div>
            <div
              className="image-container"
            >
              <img
                alt="https://vignette.wikia.nocookie.net/landbeforetime/images/c/c3/Cera_infobox.png/revision/latest?cb=20180422005003"
                src="https://vignette.wikia.nocookie.net/landbeforetime/images/c/c3/Cera_infobox.png/revision/latest?cb=20180422005003"
              />
            </div>
            <p
              className="horns-class"
            >
              Horns: 
              3
            </p>
          </li>
          <li>
            <div
              className="info-container"
            >
              <h2>
                narwhal
              </h2>
              <p
                className="animal-title"
              >
                Narwhal costume
              </p>
            </div>
            <div
              className="image-container"
            >
              <img
                alt="https://ae01.alicdn.com/kf/HTB18GwSQVXXXXaZaXXXq6xXFXXXh/Animal-Cosplay-Costume-Narwhal-Onesie-Mens-Womens-Cartoon-Whale-Pajamas.jpg"
                src="https://ae01.alicdn.com/kf/HTB18GwSQVXXXXaZaXXXq6xXFXXXh/Animal-Cosplay-Costume-Narwhal-Onesie-Mens-Womens-Cartoon-Whale-Pajamas.jpg"
              />
            </div>
            <p
              className="horns-class"
            >
              Horns: 
              1
            </p>
          </li>
          <li>
            <div
              className="info-container"
            >
              <h2>
                rhino
              </h2>
              <p
                className="animal-title"
              >
                Rhino costume
              </p>
            </div>
            <div
              className="image-container"
            >
              <img
                alt="https://www.shopmascot.com/image/cache/mascotnew/new196-800x800.jpg"
                src="https://www.shopmascot.com/image/cache/mascotnew/new196-800x800.jpg"
              />
            </div>
            <p
              className="horns-class"
            >
              Horns: 
              2
            </p>
          </li>
          <li>
            <div
              className="info-container"
            >
              <h2>
                unicorn
              </h2>
              <p
                className="animal-title"
              >
                Believe
              </p>
            </div>
            <div
              className="image-container"
            >
              <img
                alt="https://www.tinselbox.com/wp-content/uploads/2018/03/I-BELIEVE-IN-UNICORNS-FREE-PRINTABLE-WATERCOLOR-7-of-1.jpg"
                src="https://www.tinselbox.com/wp-content/uploads/2018/03/I-BELIEVE-IN-UNICORNS-FREE-PRINTABLE-WATERCOLOR-7-of-1.jpg"
              />
            </div>
            <p
              className="horns-class"
            >
              Horns: 
              1
            </p>
          </li>
          <li>
            <div
              className="info-container"
            >
              <h2>
                markhor
              </h2>
              <p
                className="animal-title"
              >
                Markhor
              </p>
            </div>
            <div
              className="image-container"
            >
              <img
                alt="https://upload.wikimedia.org/wikipedia/commons/thumb/3/38/Markhor_Schraubenziege_Capra_falconeri_Zoo_Augsburg-02.jpg/220px-Markhor_Schraubenziege_Capra_falconeri_Zoo_Augsburg-02.jpg"
                src="https://upload.wikimedia.org/wikipedia/commons/thumb/3/38/Markhor_Schraubenziege_Capra_falconeri_Zoo_Augsburg-02.jpg/220px-Markhor_Schraubenziege_Capra_falconeri_Zoo_Augsburg-02.jpg"
              />
            </div>
            <p
              className="horns-class"
            >
              Horns: 
              2
            </p>
          </li>
          <li>
            <div
              className="info-container"
            >
              <h2>
                markhor
              </h2>
              <p
                className="animal-title"
              >
                Baby markhor
              </p>
            </div>
            <div
              className="image-container"
            >
              <img
                alt="http://www.zooborns.com/.a/6a010535647bf3970b0223c84d5959200c-800wi"
                src="http://www.zooborns.com/.a/6a010535647bf3970b0223c84d5959200c-800wi"
              />
            </div>
            <p
              className="horns-class"
            >
              Horns: 
              2
            </p>
          </li>
          <li>
            <div
              className="info-container"
            >
              <h2>
                mouflon
              </h2>
              <p
                className="animal-title"
              >
                Mouflon
              </p>
            </div>
            <div
              className="image-container"
            >
              <img
                alt="https://cdn.britannica.com/s:700x500/12/2812-004-373162C1/Mouflon.jpg"
                src="https://cdn.britannica.com/s:700x500/12/2812-004-373162C1/Mouflon.jpg"
              />
            </div>
            <p
              className="horns-class"
            >
              Horns: 
              2
            </p>
          </li>
          <li>
            <div
              className="info-container"
            >
              <h2>
                addax
              </h2>
              <p
                className="animal-title"
              >
                Addax
              </p>
            </div>
            <div
              className="image-container"
            >
              <img
                alt="http://animalia.bio/uploads/animals/photos/full/1.25x1/1i-03-0715addax.jpg"
                src="http://animalia.bio/uploads/animals/photos/full/1.25x1/1i-03-0715addax.jpg"
              />
            </div>
            <p
              className="horns-class"
            >
              Horns: 
              2
            </p>
          </li>
          <li>
            <div
              className="info-container"
            >
              <h2>
                mouflon
              </h2>
              <p
                className="animal-title"
              >
                Baby mouflon
              </p>
            </div>
            <div
              className="image-container"
            >
              <img
                alt="https://cbsnews3.cbsistatic.com/hub/i/r/2013/03/05/5b414225-a645-11e2-a3f0-029118418759/thumbnail/620x350/2d4cf24685b45c22912e64d2004fec8d/Baby_Mouflon_Wild_Sheep.jpg"
                src="https://cbsnews3.cbsistatic.com/hub/i/r/2013/03/05/5b414225-a645-11e2-a3f0-029118418759/thumbnail/620x350/2d4cf24685b45c22912e64d2004fec8d/Baby_Mouflon_Wild_Sheep.jpg"
              />
            </div>
            <p
              className="horns-class"
            >
              Horns: 
              2
            </p>
          </li>
          <li>
            <div
              className="info-container"
            >
              <h2>
                chameleon
              </h2>
              <p
                className="animal-title"
              >
                Happy Jackson's Chameleon
              </p>
            </div>
            <div
              className="image-container"
            >
              <img
                alt="https://i.pinimg.com/originals/1c/9d/ef/1c9defa43a2e048216074bc5fb32c852.jpg"
                src="https://i.pinimg.com/originals/1c/9d/ef/1c9defa43a2e048216074bc5fb32c852.jpg"
              />
            </div>
            <p
              className="horns-class"
            >
              Horns: 
              3
            </p>
          </li>
          <li>
            <div
              className="info-container"
            >
              <h2>
                chameleon
              </h2>
              <p
                className="animal-title"
              >
                Serious Jackson's Chameleon
              </p>
            </div>
            <div
              className="image-container"
            >
              <img
                alt="https://imgc.allpostersimages.com/img/print/posters/dlillc-jackson-s-chameleon_a-G-13448768-14258384.jpg"
                src="https://imgc.allpostersimages.com/img/print/posters/dlillc-jackson-s-chameleon_a-G-13448768-14258384.jpg"
              />
            </div>
            <p
              className="horns-class"
            >
              Horns: 
              3
            </p>
          </li>
          <li>
            <div
              className="info-container"
            >
              <h2>
                lizard
              </h2>
              <p
                className="animal-title"
              >
                Horned Lizard
              </p>
            </div>
            <div
              className="image-container"
            >
              <img
                alt="https://www.nps.gov/band/learn/nature/images/short-horned-lizard-open-mouth-18.jpg?maxwidth=650&autorotate=false"
                src="https://www.nps.gov/band/learn/nature/images/short-horned-lizard-open-mouth-18.jpg?maxwidth=650&autorotate=false"
              />
            </div>
            <p
              className="horns-class"
            >
              Horns: 
              100
            </p>
          </li>
          <li>
            <div
              className="info-container"
            >
              <h2>
                dragon
              </h2>
              <p
                className="animal-title"
              >
                Smaug
              </p>
            </div>
            <div
              className="image-container"
            >
              <img
                alt="https://upload.wikimedia.org/wikipedia/commons/thumb/d/df/Smaug_par_David_Demaret.jpg/290px-Smaug_par_David_Demaret.jpg"
                src="https://upload.wikimedia.org/wikipedia/commons/thumb/d/df/Smaug_par_David_Demaret.jpg/290px-Smaug_par_David_Demaret.jpg"
              />
            </div>
            <p
              className="horns-class"
            >
              Horns: 
              100
            </p>
          </li>
        </ul>
      </section>
    </main>
  </div>
  <div>
    <span
      id="copyright"
    >
      copyright 2020 - Horned Animal Enthusiasts LLC
    </span>
  </div>
</div>
`;
